******************************************************************************
                  TI ARM Linker PC v16.9.3                     
******************************************************************************
>> Linked Sun Oct 15 14:57:06 2017

OUTPUT FILE NAME:   <ble5_simple_peripheral_cc2640r2lp_app.out>
ENTRY POINT SYMBOL: "ResetISR"  address: 000134a9


MEMORY CONFIGURATION

         name            origin    length      used     unused   attr    fill
----------------------  --------  ---------  --------  --------  ----  --------
  FLASH                 00000000   0001f000  00019a0c  000055f4  R  X
  FLASH_LAST_PAGE       0001f000   00001000  00000058  00000fa8  R  X
  SRAM                  20000000   00004400  000029ec  00001a14  RW X


SEGMENT ALLOCATION MAP

run origin  load origin   length   init length attrs members
----------  ----------- ---------- ----------- ----- -------
00000000    00000000    00018a14   00018a14    r-x
  00000000    00000000    0000003c   0000003c    r-- .resetVecs
  0000003c    0000003c    00000fc4   00000fc4    r-x .text.1
  00001000    00001000    00000028   00000028    r-- .const:ti_sysbios_heaps_HeapMem_Module__FXNS__C
  00001028    00001028    00000024   00000024    r-- .const:ti_sysbios_gates_GateHwi_Module__FXNS__C
  0000104c    0000104c    00000024   00000024    r-- .const:ti_sysbios_gates_GateMutex_Module__FXNS__C
  00001070    00001070    00000020   00000020    r-- .const:ti_sysbios_family_arm_m3_Hwi_Object__DESC__C
  00001090    00001090    00000020   00000020    r-- .const:ti_sysbios_gates_GateHwi_Object__DESC__C
  000010b0    000010b0    00000020   00000020    r-- .const:ti_sysbios_gates_GateMutex_Object__DESC__C
  000010d0    000010d0    00000020   00000020    r-- .const:ti_sysbios_hal_Hwi_Object__DESC__C
  000010f0    000010f0    00000020   00000020    r-- .const:ti_sysbios_heaps_HeapMem_Object__DESC__C
  00001110    00001110    00000020   00000020    r-- .const:ti_sysbios_knl_Clock_Object__DESC__C
  00001130    00001130    00000020   00000020    r-- .const:ti_sysbios_knl_Event_Object__DESC__C
  00001150    00001150    00000020   00000020    r-- .const:ti_sysbios_knl_Mailbox_Object__DESC__C
  00001170    00001170    00000020   00000020    r-- .const:ti_sysbios_knl_Queue_Object__DESC__C
  00001190    00001190    00000020   00000020    r-- .const:ti_sysbios_knl_Semaphore_Object__DESC__C
  000011b0    000011b0    00000020   00000020    r-- .const:ti_sysbios_knl_Swi_Object__DESC__C
  000011d0    000011d0    00000020   00000020    r-- .const:ti_sysbios_knl_Task_Object__DESC__C
  000011f0    000011f0    00000008   00000008    r-- .const:ti_sysbios_knl_Idle_funcList__C
  000011f8    000011f8    00000004   00000004    r-- .const:ti_sysbios_family_arm_cc26xx_Timer_startupNeeded__C
  000011fc    000011fc    00000004   00000004    r-- .const:ti_sysbios_family_arm_m3_Hwi_E_alreadyDefined__C
  00001200    00001200    00000004   00000004    r-- .const:ti_sysbios_family_arm_m3_Hwi_E_hwiLimitExceeded__C
  00001204    00001204    00000004   00000004    r-- .const:ti_sysbios_family_arm_m3_Hwi_NUM_INTERRUPTS__C
  00001208    00001208    00000004   00000004    r-- .const:ti_sysbios_family_arm_m3_Hwi_Object__count__C
  0000120c    0000120c    00000004   00000004    r-- .const:ti_sysbios_family_arm_m3_Hwi_Object__table__C
  00001210    00001210    00000004   00000004    r-- .const:ti_sysbios_family_arm_m3_Hwi_ccr__C
  00001214    00001214    00000004   00000004    r-- .const:ti_sysbios_family_arm_m3_Hwi_excHandlerFunc__C
  00001218    00001218    00000004   00000004    r-- .const:ti_sysbios_family_arm_m3_Hwi_nullIsrFunc__C
  0000121c    0000121c    00000004   00000004    r-- .const:ti_sysbios_family_arm_m3_Hwi_numSparseInterrupts__C
  00001220    00001220    00000004   00000004    r-- .const:ti_sysbios_family_arm_m3_Hwi_priGroup__C
  00001224    00001224    00000004   00000004    r-- .const:ti_sysbios_family_arm_m3_TaskSupport_stackAlignment__C
  00001228    00001228    00000004   00000004    r-- .const:ti_sysbios_heaps_HeapMem_E_memory__C
  0000122c    0000122c    00000004   00000004    r-- .const:ti_sysbios_heaps_HeapMem_Module__gateObj__C
  00001230    00001230    00000004   00000004    r-- .const:ti_sysbios_heaps_HeapMem_Object__count__C
  00001234    00001234    00000004   00000004    r-- .const:ti_sysbios_heaps_HeapMem_Object__table__C
  00001238    00001238    00000004   00000004    r-- .const:ti_sysbios_heaps_HeapMem_reqAlign__C
  0000123c    0000123c    00000004   00000004    r-- .const:ti_sysbios_knl_Clock_triggerClock__C
  00001240    00001240    00000004   00000004    r-- .const:ti_sysbios_knl_Mailbox_Object__count__C
  00001244    00001244    00000004   00000004    r-- .const:ti_sysbios_knl_Mailbox_Object__table__C
  00001248    00001248    00000004   00000004    r-- .const:ti_sysbios_knl_Mailbox_maxTypeAlign__C
  0000124c    0000124c    00000004   00000004    r-- .const:ti_sysbios_knl_Queue_Object__count__C
  00001250    00001250    00000004   00000004    r-- .const:ti_sysbios_knl_Queue_Object__table__C
  00001254    00001254    00000004   00000004    r-- .const:ti_sysbios_knl_Semaphore_eventPost__C
  00001258    00001258    00000004   00000004    r-- .const:ti_sysbios_knl_Semaphore_eventSync__C
  0000125c    0000125c    00000004   00000004    r-- .const:ti_sysbios_knl_Swi_Object__count__C
  00001260    00001260    00000004   00000004    r-- .const:ti_sysbios_knl_Swi_Object__table__C
  00001264    00001264    00000004   00000004    r-- .const:ti_sysbios_knl_Swi_numPriorities__C
  00001268    00001268    00000004   00000004    r-- .const:ti_sysbios_knl_Task_Object__count__C
  0000126c    0000126c    00000004   00000004    r-- .const:ti_sysbios_knl_Task_Object__table__C
  00001270    00001270    00000004   00000004    r-- .const:ti_sysbios_knl_Task_allBlockedFunc__C
  00001274    00001274    00000004   00000004    r-- .const:ti_sysbios_knl_Task_defaultStackHeap__C
  00001278    00001278    00000004   00000004    r-- .const:ti_sysbios_knl_Task_defaultStackSize__C
  0000127c    0000127c    00000004   00000004    r-- .const:ti_sysbios_knl_Task_numConstructedTasks__C
  00001280    00001280    00000002   00000002    r-- .const:ti_sysbios_family_arm_cc26xx_Timer_Module__id__C
  00001282    00001282    00000002   00000002    r-- .const:ti_sysbios_family_arm_cc26xx_TimestampProvider_useClockTimer__C
  00001284    00001284    00000002   00000002    r-- .const:ti_sysbios_family_arm_m3_Hwi_Module__id__C
  00001286    00001286    00000002   00000002    r-- .const:ti_sysbios_gates_GateHwi_Module__id__C
  00001288    00001288    00000002   00000002    r-- .const:ti_sysbios_gates_GateMutex_Module__id__C
  0000128a    0000128a    00000002   00000002    r-- .const:ti_sysbios_heaps_HeapMem_Module__id__C
  0000128c    0000128c    00000002   00000002    r-- .const:ti_sysbios_knl_Task_initStackFlag__C
  0000128e    0000128e    00000001   00000001    r-- .const:ti_sysbios_knl_Clock_tickMode__C
  00001290    00001290    00000008   00000008    r-- .const:xdc_runtime_Startup_firstFxns__C
  00001298    00001298    00000008   00000008    r-- .const:xdc_runtime_Startup_lastFxns__C
  000012a0    000012a0    00000004   00000004    r-- .const:xdc_runtime_Assert_E_assertFailed__C
  000012a4    000012a4    00000004   00000004    r-- .const:xdc_runtime_Error_E_memory__C
  000012a8    000012a8    00000004   00000004    r-- .const:xdc_runtime_Error_policyFxn__C
  000012ac    000012ac    00000004   00000004    r-- .const:xdc_runtime_Error_raiseHook__C
  000012b0    000012b0    00000004   00000004    r-- .const:xdc_runtime_IGateProvider_Interface__BASE__C
  000012b4    000012b4    00000004   00000004    r-- .const:xdc_runtime_IHeap_Interface__BASE__C
  000012b8    000012b8    00000004   00000004    r-- .const:xdc_runtime_IModule_Interface__BASE__C
  000012bc    000012bc    00000004   00000004    r-- .const:xdc_runtime_Memory_defaultHeapInstance__C
  000012c0    000012c0    00000004   00000004    r-- .const:xdc_runtime_Startup_execImpl__C
  000012c4    000012c4    00000004   00000004    r-- .const:xdc_runtime_Startup_maxPasses__C
  000012c8    000012c8    00000004   00000004    r-- .const:xdc_runtime_Startup_sfxnRts__C
  000012cc    000012cc    00000004   00000004    r-- .const:xdc_runtime_Startup_sfxnTab__C
  000012d0    000012d0    00000004   00000004    r-- .const:xdc_runtime_Startup_startModsFxn__C
  000012d4    000012d4    00000004   00000004    r-- .const:xdc_runtime_SysCallback_abortFxn__C
  000012d8    000012d8    00000004   00000004    r-- .const:xdc_runtime_SysCallback_exitFxn__C
  000012dc    000012dc    00000004   00000004    r-- .const:xdc_runtime_System_abortFxn__C
  000012e0    000012e0    00000004   00000004    r-- .const:xdc_runtime_System_exitFxn__C
  000012e4    000012e4    00000004   00000004    r-- .const:xdc_runtime_System_maxAtexitHandlers__C
  000012e8    000012e8    00000004   00000004    r-- .const:xdc_runtime_Text_charTab__C
  000012ec    000012ec    00000004   00000004    r-- .const:xdc_runtime_Text_nameEmpty__C
  000012f0    000012f0    00000004   00000004    r-- .const:xdc_runtime_Text_nameStatic__C
  000012f4    000012f4    00000004   00000004    r-- .const:xdc_runtime_Text_nameUnknown__C
  000012f8    000012f8    00000002   00000002    r-- .const:xdc_runtime_Error_maxDepth__C
  000012fa    000012fa    00000002   00000002    r-- .const:xdc_runtime_Memory_Module__id__C
  000012fc    000012fc    00000002   00000002    r-- .const:xdc_runtime_Text_charCnt__C
  000012fe    000012fe    00000002   00000002    r-- .const:xdc_runtime_Text_isLoaded__C
  00001300    00001300    00000001   00000001    r-- .const:xdc_runtime_Error_policy__C
  00001304    00001304    00000004   00000004    r-- .const:ti_sysbios_rom_ROM_ti_sysbios_family_arm_cc26xx_Timer_getCount64__E
  00001308    00001308    00000004   00000004    r-- .const:ti_sysbios_rom_ROM_ti_sysbios_family_arm_cc26xx_Timer_getCurrentTick__E
  0000130c    0000130c    00000004   00000004    r-- .const:ti_sysbios_rom_ROM_ti_sysbios_family_arm_cc26xx_Timer_getMaxTicks__E
  00001310    00001310    00000004   00000004    r-- .const:ti_sysbios_rom_ROM_ti_sysbios_family_arm_cc26xx_Timer_initDevice__I
  00001314    00001314    00000004   00000004    r-- .const:ti_sysbios_rom_ROM_ti_sysbios_family_arm_cc26xx_Timer_setNextTick__E
  00001318    00001318    00000004   00000004    r-- .const:ti_sysbios_rom_ROM_ti_sysbios_family_arm_cc26xx_Timer_setThreshold__I
  0000131c    0000131c    00000004   00000004    r-- .const:ti_sysbios_rom_ROM_ti_sysbios_family_arm_cc26xx_Timer_start__E
  00001320    00001320    00000004   00000004    r-- .const:ti_sysbios_rom_ROM_ti_sysbios_family_arm_cc26xx_TimestampProvider_get32__E
  00001324    00001324    00000004   00000004    r-- .const:ti_sysbios_rom_ROM_xdc_runtime_Startup_getState__I
  00001328    00001328    00000004   00000004    r-- .const:ti_sysbios_rom_ROM_xdc_runtime_System_SupportProxy_abort__E
  0000132c    0000132c    00000004   00000004    r-- .const:ti_sysbios_rom_ROM_xdc_runtime_System_SupportProxy_exit__E
  00001330    00001330    00015fd8   00015fd8    r-x .text.2
  00017308    00017308    0000112c   0000112c    r-- .const
  00018434    00018434    00000090   00000090    r-- .rodata
  000184c8    000184c8    0000054c   0000054c    r-- .cinit
0001e000    0001e000    00001000   00001000    r--
  0001e000    0001e000    00001000   00001000    r-- .TI.bound:NV_FLASH
0001ffa8    0001ffa8    00000058   00000058    r--
  0001ffa8    0001ffa8    00000058   00000058    r-- .ccfg
20000100    20000100    00000106   00000000    rw-
  20000100    20000100    00000044   00000000    rw- .data:ti_sysbios_knl_Task_Module__state__V
  20000144    20000144    00000034   00000000    rw- .data:ti_sysbios_family_arm_m3_Hwi_Module__state__V
  20000178    20000178    0000002c   00000000    rw- .data:ti_sysbios_knl_Clock_Module__state__V
  200001a4    200001a4    00000024   00000000    rw- .data:ti_sysbios_BIOS_Module__state__V
  200001c8    200001c8    0000001c   00000000    rw- .data:ti_sysbios_knl_Swi_Module__state__V
  200001e4    200001e4    00000008   00000000    rw- .data:ti_sysbios_family_arm_cc26xx_Timer_Module__state__V
  200001ec    200001ec    00000004   00000000    rw- .data:ti_sysbios_family_arm_cc26xx_TimestampProvider_Module__state__V
  200001f0    200001f0    00000008   00000000    rw- .data:xdc_runtime_Startup_Module__state__V
  200001f8    200001f8    00000008   00000000    rw- .data:xdc_runtime_System_Module__state__V
  20000200    20000200    00000004   00000000    rw- .data:xdc_runtime_Memory_Module__state__V
  20000204    20000204    00000002   00000000    rw- .data:xdc_runtime_Error_Module__state__V
20000430    20000430    00000010   00000000    rw-
  20000430    20000430    00000010   00000000    rw- .TI.bound:dmaSpi0RxControlTableEntry
20000440    20000440    00000010   00000000    rw-
  20000440    20000440    00000010   00000000    rw- .TI.bound:dmaSpi0TxControlTableEntry
20000500    20000500    00000010   00000000    rw-
  20000500    20000500    00000010   00000000    rw- .TI.bound:dmaSpi1RxControlTableEntry
20000510    20000510    000023ee   00000000    rw-
  20000510    20000510    00000010   00000000    rw- .TI.bound:dmaSpi1TxControlTableEntry
  20000520    20000520    000018ca   00000000    rw- .data
  20001df0    20001df0    00000b0e   00000000    rw- .bss
20004000    20004000    00000400   00000000    rw-
  20004000    20004000    00000400   00000000    rw- .stack


SECTION ALLOCATION MAP

 output                                  attributes/
section   page    origin      length       input sections
--------  ----  ----------  ----------   ----------------
.resetVecs 
*          0    00000000    0000003c     
                  00000000    0000003c     app_ble_pem3.oem3 (.resetVecs)

.text.1    0    0000003c    00000fc4     
                  0000003c    00000f48     cc2640_ll_pxxx.a : ll.o (.text)
                  00000f84    00000008     ble_r2.symbols (.tramp.LL_ENC_GenerateTrueRandNum.1)
                  00000f8c    00000008     ble_r2.symbols (.tramp.LL_PRIV_GenerateRSA.1)
                  00000f94    00000008     ble_r2.symbols (.tramp.LL_ENC_Init.1)
                  00000f9c    00000064     driverlib.lib : sys_ctrl.obj (.text:NOROM_SysCtrlAdjustRechargeAfterPowerDown)

.const:ti_sysbios_heaps_HeapMem_Module__FXNS__C 
*          0    00001000    00000028     
                  00001000    00000028     app_ble_pem3.oem3 (.const:ti_sysbios_heaps_HeapMem_Module__FXNS__C)

.const:ti_sysbios_gates_GateHwi_Module__FXNS__C 
*          0    00001028    00000024     
                  00001028    00000024     app_ble_pem3.oem3 (.const:ti_sysbios_gates_GateHwi_Module__FXNS__C)

.const:ti_sysbios_gates_GateMutex_Module__FXNS__C 
*          0    0000104c    00000024     
                  0000104c    00000024     app_ble_pem3.oem3 (.const:ti_sysbios_gates_GateMutex_Module__FXNS__C)

.const:ti_sysbios_family_arm_m3_Hwi_Object__DESC__C 
*          0    00001070    00000020     
                  00001070    00000020     app_ble_pem3.oem3 (.const:ti_sysbios_family_arm_m3_Hwi_Object__DESC__C)

.const:ti_sysbios_gates_GateHwi_Object__DESC__C 
*          0    00001090    00000020     
                  00001090    00000020     app_ble_pem3.oem3 (.const:ti_sysbios_gates_GateHwi_Object__DESC__C)

.const:ti_sysbios_gates_GateMutex_Object__DESC__C 
*          0    000010b0    00000020     
                  000010b0    00000020     app_ble_pem3.oem3 (.const:ti_sysbios_gates_GateMutex_Object__DESC__C)

.const:ti_sysbios_hal_Hwi_Object__DESC__C 
*          0    000010d0    00000020     
                  000010d0    00000020     app_ble_pem3.oem3 (.const:ti_sysbios_hal_Hwi_Object__DESC__C)

.const:ti_sysbios_heaps_HeapMem_Object__DESC__C 
*          0    000010f0    00000020     
                  000010f0    00000020     app_ble_pem3.oem3 (.const:ti_sysbios_heaps_HeapMem_Object__DESC__C)

.const:ti_sysbios_knl_Clock_Object__DESC__C 
*          0    00001110    00000020     
                  00001110    00000020     app_ble_pem3.oem3 (.const:ti_sysbios_knl_Clock_Object__DESC__C)

.const:ti_sysbios_knl_Event_Object__DESC__C 
*          0    00001130    00000020     
                  00001130    00000020     app_ble_pem3.oem3 (.const:ti_sysbios_knl_Event_Object__DESC__C)

.const:ti_sysbios_knl_Mailbox_Object__DESC__C 
*          0    00001150    00000020     
                  00001150    00000020     app_ble_pem3.oem3 (.const:ti_sysbios_knl_Mailbox_Object__DESC__C)

.const:ti_sysbios_knl_Queue_Object__DESC__C 
*          0    00001170    00000020     
                  00001170    00000020     app_ble_pem3.oem3 (.const:ti_sysbios_knl_Queue_Object__DESC__C)

.const:ti_sysbios_knl_Semaphore_Object__DESC__C 
*          0    00001190    00000020     
                  00001190    00000020     app_ble_pem3.oem3 (.const:ti_sysbios_knl_Semaphore_Object__DESC__C)

.const:ti_sysbios_knl_Swi_Object__DESC__C 
*          0    000011b0    00000020     
                  000011b0    00000020     app_ble_pem3.oem3 (.const:ti_sysbios_knl_Swi_Object__DESC__C)

.const:ti_sysbios_knl_Task_Object__DESC__C 
*          0    000011d0    00000020     
                  000011d0    00000020     app_ble_pem3.oem3 (.const:ti_sysbios_knl_Task_Object__DESC__C)

.const:ti_sysbios_knl_Idle_funcList__C 
*          0    000011f0    00000008     
                  000011f0    00000008     app_ble_pem3.oem3 (.const:ti_sysbios_knl_Idle_funcList__C)

.const:ti_sysbios_family_arm_cc26xx_Timer_startupNeeded__C 
*          0    000011f8    00000004     
                  000011f8    00000004     app_ble_pem3.oem3 (.const:ti_sysbios_family_arm_cc26xx_Timer_startupNeeded__C)

.const:ti_sysbios_family_arm_m3_Hwi_E_alreadyDefined__C 
*          0    000011fc    00000004     
                  000011fc    00000004     app_ble_pem3.oem3 (.const:ti_sysbios_family_arm_m3_Hwi_E_alreadyDefined__C)

.const:ti_sysbios_family_arm_m3_Hwi_E_hwiLimitExceeded__C 
*          0    00001200    00000004     
                  00001200    00000004     app_ble_pem3.oem3 (.const:ti_sysbios_family_arm_m3_Hwi_E_hwiLimitExceeded__C)

.const:ti_sysbios_family_arm_m3_Hwi_NUM_INTERRUPTS__C 
*          0    00001204    00000004     
                  00001204    00000004     app_ble_pem3.oem3 (.const:ti_sysbios_family_arm_m3_Hwi_NUM_INTERRUPTS__C)

.const:ti_sysbios_family_arm_m3_Hwi_Object__count__C 
*          0    00001208    00000004     
                  00001208    00000004     app_ble_pem3.oem3 (.const:ti_sysbios_family_arm_m3_Hwi_Object__count__C)

.const:ti_sysbios_family_arm_m3_Hwi_Object__table__C 
*          0    0000120c    00000004     
                  0000120c    00000004     app_ble_pem3.oem3 (.const:ti_sysbios_family_arm_m3_Hwi_Object__table__C)

.const:ti_sysbios_family_arm_m3_Hwi_ccr__C 
*          0    00001210    00000004     
                  00001210    00000004     app_ble_pem3.oem3 (.const:ti_sysbios_family_arm_m3_Hwi_ccr__C)

.const:ti_sysbios_family_arm_m3_Hwi_excHandlerFunc__C 
*          0    00001214    00000004     
                  00001214    00000004     app_ble_pem3.oem3 (.const:ti_sysbios_family_arm_m3_Hwi_excHandlerFunc__C)

.const:ti_sysbios_family_arm_m3_Hwi_nullIsrFunc__C 
*          0    00001218    00000004     
                  00001218    00000004     app_ble_pem3.oem3 (.const:ti_sysbios_family_arm_m3_Hwi_nullIsrFunc__C)

.const:ti_sysbios_family_arm_m3_Hwi_numSparseInterrupts__C 
*          0    0000121c    00000004     
                  0000121c    00000004     app_ble_pem3.oem3 (.const:ti_sysbios_family_arm_m3_Hwi_numSparseInterrupts__C)

.const:ti_sysbios_family_arm_m3_Hwi_priGroup__C 
*          0    00001220    00000004     
                  00001220    00000004     app_ble_pem3.oem3 (.const:ti_sysbios_family_arm_m3_Hwi_priGroup__C)

.const:ti_sysbios_family_arm_m3_TaskSupport_stackAlignment__C 
*          0    00001224    00000004     
                  00001224    00000004     app_ble_pem3.oem3 (.const:ti_sysbios_family_arm_m3_TaskSupport_stackAlignment__C)

.const:ti_sysbios_heaps_HeapMem_E_memory__C 
*          0    00001228    00000004     
                  00001228    00000004     app_ble_pem3.oem3 (.const:ti_sysbios_heaps_HeapMem_E_memory__C)

.const:ti_sysbios_heaps_HeapMem_Module__gateObj__C 
*          0    0000122c    00000004     
                  0000122c    00000004     app_ble_pem3.oem3 (.const:ti_sysbios_heaps_HeapMem_Module__gateObj__C)

.const:ti_sysbios_heaps_HeapMem_Object__count__C 
*          0    00001230    00000004     
                  00001230    00000004     app_ble_pem3.oem3 (.const:ti_sysbios_heaps_HeapMem_Object__count__C)

.const:ti_sysbios_heaps_HeapMem_Object__table__C 
*          0    00001234    00000004     
                  00001234    00000004     app_ble_pem3.oem3 (.const:ti_sysbios_heaps_HeapMem_Object__table__C)

.const:ti_sysbios_heaps_HeapMem_reqAlign__C 
*          0    00001238    00000004     
                  00001238    00000004     app_ble_pem3.oem3 (.const:ti_sysbios_heaps_HeapMem_reqAlign__C)

.const:ti_sysbios_knl_Clock_triggerClock__C 
*          0    0000123c    00000004     
                  0000123c    00000004     app_ble_pem3.oem3 (.const:ti_sysbios_knl_Clock_triggerClock__C)

.const:ti_sysbios_knl_Mailbox_Object__count__C 
*          0    00001240    00000004     
                  00001240    00000004     app_ble_pem3.oem3 (.const:ti_sysbios_knl_Mailbox_Object__count__C)

.const:ti_sysbios_knl_Mailbox_Object__table__C 
*          0    00001244    00000004     
                  00001244    00000004     app_ble_pem3.oem3 (.const:ti_sysbios_knl_Mailbox_Object__table__C)

.const:ti_sysbios_knl_Mailbox_maxTypeAlign__C 
*          0    00001248    00000004     
                  00001248    00000004     app_ble_pem3.oem3 (.const:ti_sysbios_knl_Mailbox_maxTypeAlign__C)

.const:ti_sysbios_knl_Queue_Object__count__C 
*          0    0000124c    00000004     
                  0000124c    00000004     app_ble_pem3.oem3 (.const:ti_sysbios_knl_Queue_Object__count__C)

.const:ti_sysbios_knl_Queue_Object__table__C 
*          0    00001250    00000004     
                  00001250    00000004     app_ble_pem3.oem3 (.const:ti_sysbios_knl_Queue_Object__table__C)

.const:ti_sysbios_knl_Semaphore_eventPost__C 
*          0    00001254    00000004     
                  00001254    00000004     app_ble_pem3.oem3 (.const:ti_sysbios_knl_Semaphore_eventPost__C)

.const:ti_sysbios_knl_Semaphore_eventSync__C 
*          0    00001258    00000004     
                  00001258    00000004     app_ble_pem3.oem3 (.const:ti_sysbios_knl_Semaphore_eventSync__C)

.const:ti_sysbios_knl_Swi_Object__count__C 
*          0    0000125c    00000004     
                  0000125c    00000004     app_ble_pem3.oem3 (.const:ti_sysbios_knl_Swi_Object__count__C)

.const:ti_sysbios_knl_Swi_Object__table__C 
*          0    00001260    00000004     
                  00001260    00000004     app_ble_pem3.oem3 (.const:ti_sysbios_knl_Swi_Object__table__C)

.const:ti_sysbios_knl_Swi_numPriorities__C 
*          0    00001264    00000004     
                  00001264    00000004     app_ble_pem3.oem3 (.const:ti_sysbios_knl_Swi_numPriorities__C)

.const:ti_sysbios_knl_Task_Object__count__C 
*          0    00001268    00000004     
                  00001268    00000004     app_ble_pem3.oem3 (.const:ti_sysbios_knl_Task_Object__count__C)

.const:ti_sysbios_knl_Task_Object__table__C 
*          0    0000126c    00000004     
                  0000126c    00000004     app_ble_pem3.oem3 (.const:ti_sysbios_knl_Task_Object__table__C)

.const:ti_sysbios_knl_Task_allBlockedFunc__C 
*          0    00001270    00000004     
                  00001270    00000004     app_ble_pem3.oem3 (.const:ti_sysbios_knl_Task_allBlockedFunc__C)

.const:ti_sysbios_knl_Task_defaultStackHeap__C 
*          0    00001274    00000004     
                  00001274    00000004     app_ble_pem3.oem3 (.const:ti_sysbios_knl_Task_defaultStackHeap__C)

.const:ti_sysbios_knl_Task_defaultStackSize__C 
*          0    00001278    00000004     
                  00001278    00000004     app_ble_pem3.oem3 (.const:ti_sysbios_knl_Task_defaultStackSize__C)

.const:ti_sysbios_knl_Task_numConstructedTasks__C 
*          0    0000127c    00000004     
                  0000127c    00000004     app_ble_pem3.oem3 (.const:ti_sysbios_knl_Task_numConstructedTasks__C)

.const:ti_sysbios_family_arm_cc26xx_Timer_Module__id__C 
*          0    00001280    00000002     
                  00001280    00000002     app_ble_pem3.oem3 (.const:ti_sysbios_family_arm_cc26xx_Timer_Module__id__C)

.const:ti_sysbios_family_arm_cc26xx_TimestampProvider_useClockTimer__C 
*          0    00001282    00000002     
                  00001282    00000002     app_ble_pem3.oem3 (.const:ti_sysbios_family_arm_cc26xx_TimestampProvider_useClockTimer__C)

.const:ti_sysbios_family_arm_m3_Hwi_Module__id__C 
*          0    00001284    00000002     
                  00001284    00000002     app_ble_pem3.oem3 (.const:ti_sysbios_family_arm_m3_Hwi_Module__id__C)

.const:ti_sysbios_gates_GateHwi_Module__id__C 
*          0    00001286    00000002     
                  00001286    00000002     app_ble_pem3.oem3 (.const:ti_sysbios_gates_GateHwi_Module__id__C)

.const:ti_sysbios_gates_GateMutex_Module__id__C 
*          0    00001288    00000002     
                  00001288    00000002     app_ble_pem3.oem3 (.const:ti_sysbios_gates_GateMutex_Module__id__C)

.const:ti_sysbios_heaps_HeapMem_Module__id__C 
*          0    0000128a    00000002     
                  0000128a    00000002     app_ble_pem3.oem3 (.const:ti_sysbios_heaps_HeapMem_Module__id__C)

.const:ti_sysbios_knl_Task_initStackFlag__C 
*          0    0000128c    00000002     
                  0000128c    00000002     app_ble_pem3.oem3 (.const:ti_sysbios_knl_Task_initStackFlag__C)

.const:ti_sysbios_knl_Clock_tickMode__C 
*          0    0000128e    00000001     
                  0000128e    00000001     app_ble_pem3.oem3 (.const:ti_sysbios_knl_Clock_tickMode__C)

.const:xdc_runtime_Startup_firstFxns__C 
*          0    00001290    00000008     
                  00001290    00000008     app_ble_pem3.oem3 (.const:xdc_runtime_Startup_firstFxns__C)

.const:xdc_runtime_Startup_lastFxns__C 
*          0    00001298    00000008     
                  00001298    00000008     app_ble_pem3.oem3 (.const:xdc_runtime_Startup_lastFxns__C)

.const:xdc_runtime_Assert_E_assertFailed__C 
*          0    000012a0    00000004     
                  000012a0    00000004     app_ble_pem3.oem3 (.const:xdc_runtime_Assert_E_assertFailed__C)

.const:xdc_runtime_Error_E_memory__C 
*          0    000012a4    00000004     
                  000012a4    00000004     app_ble_pem3.oem3 (.const:xdc_runtime_Error_E_memory__C)

.const:xdc_runtime_Error_policyFxn__C 
*          0    000012a8    00000004     
                  000012a8    00000004     app_ble_pem3.oem3 (.const:xdc_runtime_Error_policyFxn__C)

.const:xdc_runtime_Error_raiseHook__C 
*          0    000012ac    00000004     
                  000012ac    00000004     app_ble_pem3.oem3 (.const:xdc_runtime_Error_raiseHook__C)

.const:xdc_runtime_IGateProvider_Interface__BASE__C 
*          0    000012b0    00000004     
                  000012b0    00000004     app_ble_pem3.oem3 (.const:xdc_runtime_IGateProvider_Interface__BASE__C)

.const:xdc_runtime_IHeap_Interface__BASE__C 
*          0    000012b4    00000004     
                  000012b4    00000004     app_ble_pem3.oem3 (.const:xdc_runtime_IHeap_Interface__BASE__C)

.const:xdc_runtime_IModule_Interface__BASE__C 
*          0    000012b8    00000004     
                  000012b8    00000004     app_ble_pem3.oem3 (.const:xdc_runtime_IModule_Interface__BASE__C)

.const:xdc_runtime_Memory_defaultHeapInstance__C 
*          0    000012bc    00000004     
                  000012bc    00000004     app_ble_pem3.oem3 (.const:xdc_runtime_Memory_defaultHeapInstance__C)

.const:xdc_runtime_Startup_execImpl__C 
*          0    000012c0    00000004     
                  000012c0    00000004     app_ble_pem3.oem3 (.const:xdc_runtime_Startup_execImpl__C)

.const:xdc_runtime_Startup_maxPasses__C 
*          0    000012c4    00000004     
                  000012c4    00000004     app_ble_pem3.oem3 (.const:xdc_runtime_Startup_maxPasses__C)

.const:xdc_runtime_Startup_sfxnRts__C 
*          0    000012c8    00000004     
                  000012c8    00000004     app_ble_pem3.oem3 (.const:xdc_runtime_Startup_sfxnRts__C)

.const:xdc_runtime_Startup_sfxnTab__C 
*          0    000012cc    00000004     
                  000012cc    00000004     app_ble_pem3.oem3 (.const:xdc_runtime_Startup_sfxnTab__C)

.const:xdc_runtime_Startup_startModsFxn__C 
*          0    000012d0    00000004     
                  000012d0    00000004     app_ble_pem3.oem3 (.const:xdc_runtime_Startup_startModsFxn__C)

.const:xdc_runtime_SysCallback_abortFxn__C 
*          0    000012d4    00000004     
                  000012d4    00000004     app_ble_pem3.oem3 (.const:xdc_runtime_SysCallback_abortFxn__C)

.const:xdc_runtime_SysCallback_exitFxn__C 
*          0    000012d8    00000004     
                  000012d8    00000004     app_ble_pem3.oem3 (.const:xdc_runtime_SysCallback_exitFxn__C)

.const:xdc_runtime_System_abortFxn__C 
*          0    000012dc    00000004     
                  000012dc    00000004     app_ble_pem3.oem3 (.const:xdc_runtime_System_abortFxn__C)

.const:xdc_runtime_System_exitFxn__C 
*          0    000012e0    00000004     
                  000012e0    00000004     app_ble_pem3.oem3 (.const:xdc_runtime_System_exitFxn__C)

.const:xdc_runtime_System_maxAtexitHandlers__C 
*          0    000012e4    00000004     
                  000012e4    00000004     app_ble_pem3.oem3 (.const:xdc_runtime_System_maxAtexitHandlers__C)

.const:xdc_runtime_Text_charTab__C 
*          0    000012e8    00000004     
                  000012e8    00000004     app_ble_pem3.oem3 (.const:xdc_runtime_Text_charTab__C)

.const:xdc_runtime_Text_nameEmpty__C 
*          0    000012ec    00000004     
                  000012ec    00000004     app_ble_pem3.oem3 (.const:xdc_runtime_Text_nameEmpty__C)

.const:xdc_runtime_Text_nameStatic__C 
*          0    000012f0    00000004     
                  000012f0    00000004     app_ble_pem3.oem3 (.const:xdc_runtime_Text_nameStatic__C)

.const:xdc_runtime_Text_nameUnknown__C 
*          0    000012f4    00000004     
                  000012f4    00000004     app_ble_pem3.oem3 (.const:xdc_runtime_Text_nameUnknown__C)

.const:xdc_runtime_Error_maxDepth__C 
*          0    000012f8    00000002     
                  000012f8    00000002     app_ble_pem3.oem3 (.const:xdc_runtime_Error_maxDepth__C)

.const:xdc_runtime_Memory_Module__id__C 
*          0    000012fa    00000002     
                  000012fa    00000002     app_ble_pem3.oem3 (.const:xdc_runtime_Memory_Module__id__C)

.const:xdc_runtime_Text_charCnt__C 
*          0    000012fc    00000002     
                  000012fc    00000002     app_ble_pem3.oem3 (.const:xdc_runtime_Text_charCnt__C)

.const:xdc_runtime_Text_isLoaded__C 
*          0    000012fe    00000002     
                  000012fe    00000002     app_ble_pem3.oem3 (.const:xdc_runtime_Text_isLoaded__C)

.const:xdc_runtime_Error_policy__C 
*          0    00001300    00000001     
                  00001300    00000001     app_ble_pem3.oem3 (.const:xdc_runtime_Error_policy__C)

.const:ti_sysbios_rom_ROM_ti_sysbios_family_arm_cc26xx_Timer_getCount64__E 
*          0    00001304    00000004     
                  00001304    00000004     app_ble_pem3.oem3 (.const:ti_sysbios_rom_ROM_ti_sysbios_family_arm_cc26xx_Timer_getCount64__E)

.const:ti_sysbios_rom_ROM_ti_sysbios_family_arm_cc26xx_Timer_getCurrentTick__E 
*          0    00001308    00000004     
                  00001308    00000004     app_ble_pem3.oem3 (.const:ti_sysbios_rom_ROM_ti_sysbios_family_arm_cc26xx_Timer_getCurrentTick__E)

.const:ti_sysbios_rom_ROM_ti_sysbios_family_arm_cc26xx_Timer_getMaxTicks__E 
*          0    0000130c    00000004     
                  0000130c    00000004     app_ble_pem3.oem3 (.const:ti_sysbios_rom_ROM_ti_sysbios_family_arm_cc26xx_Timer_getMaxTicks__E)

.const:ti_sysbios_rom_ROM_ti_sysbios_family_arm_cc26xx_Timer_initDevice__I 
*          0    00001310    00000004     
                  00001310    00000004     app_ble_pem3.oem3 (.const:ti_sysbios_rom_ROM_ti_sysbios_family_arm_cc26xx_Timer_initDevice__I)

.const:ti_sysbios_rom_ROM_ti_sysbios_family_arm_cc26xx_Timer_setNextTick__E 
*          0    00001314    00000004     
                  00001314    00000004     app_ble_pem3.oem3 (.const:ti_sysbios_rom_ROM_ti_sysbios_family_arm_cc26xx_Timer_setNextTick__E)

.const:ti_sysbios_rom_ROM_ti_sysbios_family_arm_cc26xx_Timer_setThreshold__I 
*          0    00001318    00000004     
                  00001318    00000004     app_ble_pem3.oem3 (.const:ti_sysbios_rom_ROM_ti_sysbios_family_arm_cc26xx_Timer_setThreshold__I)

.const:ti_sysbios_rom_ROM_ti_sysbios_family_arm_cc26xx_Timer_start__E 
*          0    0000131c    00000004     
                  0000131c    00000004     app_ble_pem3.oem3 (.const:ti_sysbios_rom_ROM_ti_sysbios_family_arm_cc26xx_Timer_start__E)

.const:ti_sysbios_rom_ROM_ti_sysbios_family_arm_cc26xx_TimestampProvider_get32__E 
*          0    00001320    00000004     
                  00001320    00000004     app_ble_pem3.oem3 (.const:ti_sysbios_rom_ROM_ti_sysbios_family_arm_cc26xx_TimestampProvider_get32__E)

.const:ti_sysbios_rom_ROM_xdc_runtime_Startup_getState__I 
*          0    00001324    00000004     
                  00001324    00000004     app_ble_pem3.oem3 (.const:ti_sysbios_rom_ROM_xdc_runtime_Startup_getState__I)

.const:ti_sysbios_rom_ROM_xdc_runtime_System_SupportProxy_abort__E 
*          0    00001328    00000004     
                  00001328    00000004     app_ble_pem3.oem3 (.const:ti_sysbios_rom_ROM_xdc_runtime_System_SupportProxy_abort__E)

.const:ti_sysbios_rom_ROM_xdc_runtime_System_SupportProxy_exit__E 
*          0    0000132c    00000004     
                  0000132c    00000004     app_ble_pem3.oem3 (.const:ti_sysbios_rom_ROM_xdc_runtime_System_SupportProxy_exit__E)

.text.2    0    00001330    00015fd8     
                  00001330    000010f2     rtsv7M3_T_le_eabi.lib : _printfi.obj (.text)
                  00002422    00000002     ble_user_config.obj (.text:DefaultAssertCback)
                  00002424    0000096c     simple_peripheral.obj (.text:Movedetector_taskFxn$8)
                  00002d90    00000790     cc2640_ll_pxxx.a : ble.o (.text)
                  00003520    00000588     peripheral.obj (.text:gapRole_taskFxn$23)
                  00003aa8    0000054c     cc2640_ll_pxxx.a : ll_adv_end_causes.o (.text)
                  00003ff4    000004ec                      : ll_slave_end_causes.o (.text)
                  000044e0    00000458                      : ll_slave_end_causes.o (.text)
                  00004938    0000033c     rom_sysbios.aem3 : rom_sysbios.obj (.text:xdc_runtime_System_doPrint__I)
                  00004c74    0000032c     rf_singleMode_cc26x0r2.aem3 : RFCC26XX_singleMode.oem3 (.text:fsmActiveState)
                  00004fa0    00000314     drivers_cc26x0r2.aem3 : PowerCC26XX_calibrateRCOSC.oem3 (.text:PowerCC26XX_auxISR)
                  000052b4    0000030c     cc2640_ll_pxxx.a : ll.o (.text)
                  000055c0    00000300                      : ll_scheduler.o (.text)
                  000058c0    000002bc     ble5_simple_peripheral_cc2640r2lp_stack_library.lib : icall_startup.obj (.text:startup_entry)
                  00005b7c    000002a8                                                         : gapbondmgr.obj (.text:GAPBondMgr_ProcessGAPMsg)
                  00005e24    0000029c                                                         : gapbondmgr.obj (.text:GAPBondMgr_SetParameter)
                  000060c0    00000294     peripheral.obj (.text:GAPRole_SetParameter)
                  00006354    0000028c     ble5_simple_peripheral_cc2640r2lp_stack_library.lib : gapbondmgr.obj (.text:GAPBondMgr_ProcessEvent)
                  000065e0    00000280     cc2640_ll_pxxx.a : ll_isr.o (.text)
                  00006860    0000024c     cc26xx_profiles_pxxx.a : gapgattserver.o (.text)
                  00006aac    0000024c     drivers_cc26x0r2.aem3 : CryptoCC26XX.oem3 (.text:cryptoTransactionExecute)
                  00006cf8    00000240     cc2640_ll_pxxx.a : ll_isr.o (.text)
                  00006f38    0000023c     drivers_cc26x0r2.aem3 : PowerCC26XX.oem3 (.text:Power_sleep)
                  00007174    00000210     driverlib.lib : sys_ctrl.obj (.text:NOROM_SysCtrlSetRechargeBeforePowerDown)
                  00007384    00000210     cc2640_ll_pxxx.a : ll_common.o (.text)
                  00007594    00000210                      : ll_slave_end_causes.o (.text)
                  000077a4    00000210     cc26xx_profiles_pxxx.a : gattservapp.o (.text)
                  000079b4    0000020c     cc2640_ll_pxxx.a : ll_common.o (.text)
                  00007bc0    00000208                      : ll_common.o (.text)
                  00007dc8    00000204     cc26xx_sm_pxxx.a : sm_pairing.o (.text)
                  00007fcc    000001f4     rtsv7M3_T_le_eabi.lib : ull_div_t2.obj (.text)
                  000081c0    000001dc     drivers_cc26x0r2.aem3 : SPICC26XXDMA.oem3 (.text:SPICC26XXDMA_transfer)
                  0000839c    000001d0     cc2640_ll_pxxx.a : ll_common.o (.text)
                  0000856c    000001d0     ble5_simple_peripheral_cc2640r2lp_stack_library.lib : gapbondmgr.obj (.text:gapBondMgrAddBond$41)
                  0000873c    000001c8     cc2640_ll_pxxx.a : ll.o (.text)
                  00008904    000001c8     rf_singleMode_cc26x0r2.aem3 : RFCC26XX_singleMode.oem3 (.text:fsmSetupState)
                  00008acc    000001c0     ble5_simple_peripheral_cc2640r2lp_stack_library.lib : osal.obj (.text:osal_start_system)
                  00008c8c    000001bc     main.obj (.text:AssertHandler)
                  00008e48    000001b6     rtsv7M3_T_le_eabi.lib : fd_add_t2.obj (.text)
                  00008ffe    00000002     display.aem3 : DisplayUart.oem3 (.text:DisplayUartAnsi_init)
                  00009000    000001b0     rf_singleMode_cc26x0r2.aem3 : RFCC26XX_singleMode.oem3 (.text:RF_open)
                  000091b0    000001b0     cc2640_ll_pxxx.a : ll_isr.o (.text)
                  00009360    000001a8     rf_singleMode_cc26x0r2.aem3 : RFCC26XX_singleMode.oem3 (.text:RF_postCmd)
                  00009508    000001a8     cc2640_ll_pxxx.a : ll.o (.text)
                  000096b0    000001a8                      : ll.o (.text)
                  00009858    00000194     ble5_simple_peripheral_cc2640r2lp_stack_library.lib : gapbondmgr.obj (.text:gapBondMgrAuthenticate$41)
                  000099ec    00000194     icall.obj (.text:icall_directAPI)
                  00009b80    00000190     ECCROMCC26XX.obj (.text:ECCROMCC26XX_genDHKey)
                  00009d10    00000190     drivers_cc26x0r2.aem3 : PowerCC26XX_calibrateRCOSC.oem3 (.text:PowerCC26XX_doCalibrate)
                  00009ea0    0000018c                           : PINCC26XX.oem3 (.text:PIN_init)
                  0000a02c    0000017c     rf_singleMode_cc26x0r2.aem3 : RFCC26XX_singleMode.oem3 (.text:abortCmd)
                  0000a1a8    00000174     cc26xx_gatt_pxxx.a : gatt_client.o (.text)
                  0000a31c    00000160                        : gatt_client.o (.text)
                  0000a47c    0000015c     drivers_cc26x0r2.aem3 : UARTCC26XX.oem3 (.text:UARTCC26XX_open)
                  0000a5d8    00000158                           : SPICC26XXDMA.oem3 (.text:SPICC26XXDMA_initIO)
                  0000a730    00000154     simple_peripheral.obj (.text:Movedetector_processStateChangeEvt$8)
                  0000a884    00000148     cc26xx_gap_pxxx.a : gap_linkmgr.o (.text)
                  0000a9cc    00000144     cc2640_ll_pxxx.a : ll_common.o (.text)
                  0000ab10    0000013c     drivers_cc26x0r2.aem3 : PowerCC26XX.oem3 (.text:Power_init)
                  0000ac4c    00000138     cc2640_ll_pxxx.a : ll.o (.text)
                  0000ad84    00000136     rtsv7M3_T_le_eabi.lib : fd_div_t2.obj (.text)
                  0000aeba    00000002     driverlib.lib : rfc.obj (.text:NOROM_RFCAdi3VcoLdoVoltageMode)
                  0000aebc    00000134     cc2640_ll_pxxx.a : ll.o (.text)
                  0000aff0    0000012c     cc26xx_sm_pxxx.a : sm_task.o (.text)
                  0000b11c    00000128     ECCROMCC26XX.obj (.text:ECCROMCC26XX_genKeys)
                  0000b244    00000128     cc2640_ll_pxxx.a : ll_scheduler.o (.text)
                  0000b36c    00000128     ble5_simple_peripheral_cc2640r2lp_stack_library.lib : gapbondmgr.obj (.text:gapBondMgrEraseBonding$41)
                  0000b494    00000124     peripheral.obj (.text:GAPRole_GetParameter)
                  0000b5b8    00000124     drivers_cc26x0r2.aem3 : SPICC26XXDMA.oem3 (.text:SPICC26XXDMA_open)
                  0000b6dc    0000011c     ble5_simple_peripheral_cc2640r2lp_stack_library.lib : osal_snv_wrapper.obj (.text:compactPage$38)
                  0000b7f8    00000118     drivers_cc26x0r2.aem3 : UARTCC26XX.oem3 (.text:UARTCC26XX_read)
                  0000b910    00000110     simple_gatt_profile.obj (.text:movedetector_WriteAttrCB$24)
                  0000ba20    0000010c     rf_singleMode_cc26x0r2.aem3 : RFCC26XX_singleMode.oem3 (.text:hwiFxnCpe0Active)
                  0000bb2c    0000010a     drivers_cc26x0r2.aem3 : UARTCC26XX.oem3 (.text:UARTCC26XX_hwiIntFxn)
                  0000bc36    00000002     ble5_simple_peripheral_cc2640r2lp_stack_library.lib : onboard.obj (.text:Onboard_soft_reset)
                  0000bc38    00000108     cc2640_ll_pxxx.a : ll_adv_end_causes.o (.text)
                  0000bd40    00000100     ble5_simple_peripheral_cc2640r2lp_stack_library.lib : gapbondmgr.obj (.text:GAPBondMgr_LinkEst)
                  0000be40    000000fc     drivers_cc26x0r2.aem3 : UARTCC26XX.oem3 (.text:UARTCC26XX_write)
                  0000bf3c    000000fc     rtsv7M3_T_le_eabi.lib : fd_mul_t2.obj (.text)
                  0000c038    000000f8     ble5_simple_peripheral_cc2640r2lp_stack_library.lib : osal_snv_wrapper.obj (.text:osal_snv_write)
                  0000c130    000000f8     rf_singleMode_cc26x0r2.aem3 : RFCC26XX_singleMode.oem3 (.text:radioOpDoneCb)
                  0000c228    000000f8     app_ble_pem3.oem3 (.text:xdc_runtime_System_printfExtend__I)
                  0000c320    000000f4     rf_singleMode_cc26x0r2.aem3 : RFCC26XX_singleMode.oem3 (.text:fsmPowerUpState)
                  0000c414    000000f0     cc2640_ll_pxxx.a : ll_common.o (.text)
                  0000c504    000000ec     ble5_simple_peripheral_cc2640r2lp_stack_library.lib : osal_timers.obj (.text:osalTimerUpdate)
                  0000c5f0    000000e4     cc26xx_gatt_pxxx.a : gatt_client.o (.text)
                  0000c6d4    000000e0     drivers_cc26x0r2.aem3 : SPICC26XXDMA.oem3 (.text:SPICC26XXDMA_transferCancel)
                  0000c7b4    000000e0     cc26xx_sm_pxxx.a : sm_pairing.o (.text)
                  0000c894    000000dc     drivers_cc26x0r2.aem3 : PINCC26XX.oem3 (.text:PINCC26XX_setIoCfg)
                  0000c970    000000dc     cc2640_hci_pxxx.a : hci_event.o (.text)
                  0000ca4c    000000d8     cc26xx_gap_pxxx.a : gap_linkmgr.o (.text)
                  0000cb24    000000d4     drivers_cc26x0r2.aem3 : CryptoCC26XX.oem3 (.text:CryptoCC26XX_open)
                  0000cbf8    000000d4     dpl_cc26x0r2.aem3 : PowerCC26XX_tirtos.oem3 (.text:PowerCC26XX_standbyPolicy)
                  0000cccc    000000d4     cc2640_ll_pxxx.a : ll_scheduler.o (.text)
                  0000cda0    000000d0     rtsv7M3_T_le_eabi.lib : s_scalbn.obj (.text)
                  0000ce70    000000ce     cc26xx_sm_pxxx.a : sm_pairing.o (.text)
                  0000cf3e    00000002     ble5_simple_peripheral_cc2640r2lp_stack_library.lib : sm_ecc.obj (.text:SM_dhKeyCB)
                  0000cf40    000000cc     cc2640_ll_pxxx.a : ll.o (.text)
                  0000d00c    000000cc                      : ll_common.o (.text)
                  0000d0d8    000000c4     cc26xx_sm_pxxx.a : sm_pairing.o (.text)
                  0000d19c    000000c2     cc2640_ll_pxxx.a : ll.o (.text)
                  0000d25e    00000002     ble5_simple_peripheral_cc2640r2lp_stack_library.lib : sm_ecc.obj (.text:SM_p256KeyCB)
                  0000d260    000000c0                                                         : osal.obj (.text:osal_set_event)
                  0000d320    000000bc     drivers_cc26x0r2.aem3 : PowerCC26XX.oem3 (.text:Power_releaseDependency)
                  0000d3dc    000000bc     cc2640_hci_pxxx.a : hci_event.o (.text)
                  0000d498    000000bc     cc2640_ll_pxxx.a : ll_common.o (.text)
                  0000d554    000000b8     driverlib.lib : setup.obj (.text:NOROM_SetupTrimDevice)
                  0000d60c    000000b4     drivers_cc26x0r2.aem3 : PowerCC26XX.oem3 (.text:Power_setDependency)
                  0000d6c0    000000b4     cc2640_ll_pxxx.a : ll_adv_end_causes.o (.text)
                  0000d774    000000b0     TRNGCC26XX.obj (.text:TRNGCC26XX_getNumber)
                  0000d824    000000b0     drivers_cc26x0r2.aem3 : UARTCC26XX.oem3 (.text:UARTCC26XX_initHw)
                  0000d8d4    000000b0     cc2640_hci_pxxx.a : hci_event.o (.text)
                  0000d984    000000b0     cc2640_ll_pxxx.a : ble.o (.text)
                  0000da34    000000b0     cc26xx_gap_pxxx.a : gap_linkmgr.o (.text)
                  0000dae4    000000b0     devinfoservice.obj (.text:devInfo_ReadAttrCB$20)
                  0000db94    000000ac     display.aem3 : DisplayUart.oem3 (.text:DisplayUartAnsi_clearLines)
                  0000dc40    000000ac     cc2640_ll_pxxx.a : ll.o (.text)
                  0000dcec    000000ac     main.obj (.text:main)
                  0000dd98    000000aa     cc2640_ll_pxxx.a : ll_common.o (.text)
                  0000de42    00000002     rf_singleMode_cc26x0r2.aem3 : RFCC26XX_singleMode.oem3 (.text:defaultCallback)
                  0000de44    000000a8     cc26xx_gatt_pxxx.a : gatt_client.o (.text)
                  0000deec    000000a7     display.aem3 : DisplayUart.oem3 (.text:DisplayUartAnsi_open)
                  0000df93    00000001     --HOLE-- [fill = 0]
                  0000df94    000000a6     drivers_cc26x0r2.aem3 : SPICC26XXDMA.oem3 (.text:SPICC26XXDMA_hwiFxn)
                  0000e03a    00000002                           : PowerCC26XX.oem3 (.text:emptyClockFunc)
                  0000e03c    000000a4     ble5_simple_peripheral_cc2640r2lp_stack_library.lib : gapbondmgr.obj (.text:GAPBondMgr_ResolveAddr)
                  0000e0e0    000000a4                                                         : osal.obj (.text:osal_msg_enqueue_push$33)
                  0000e184    000000a0     auto_init.aem3 : auto_init.oem3 (.text)
                  0000e224    000000a0     cc2640_hci_pxxx.a : hci_event.o (.text)
                  0000e2c4    000000a0     cc2640_ll_pxxx.a : ll_common.o (.text)
                  0000e364    000000a0                      : ll_common.o (.text)
                  0000e404    0000009f     display.aem3 : DisplayUart.oem3 (.text:DisplayUartAnsi_vprintf)
                  0000e4a3    00000001     --HOLE-- [fill = 0]
                  0000e4a4    0000009e     ble5_simple_peripheral_cc2640r2lp_stack_library.lib : gapbondmgr.obj (.text:gapBondMgrUpdateCharCfg$41)
                  0000e542    00000002                                                         : hal_assert.obj (.text:halAssertHandler)
                  0000e544    0000009e     rom_sysbios.aem3 : rom_sysbios.obj (.text:xdc_runtime_Text_putSite__E)
                  0000e5e2    00000002     ble5_simple_peripheral_cc2640r2lp_stack_library.lib : hal_assert.obj (.text:halAssertSpinlock)
                  0000e5e4    0000009c     LIS3DH_Driver.obj (.text:LIS3DH_Initialize)
                  0000e680    0000009c     ble5_simple_peripheral_cc2640r2lp_stack_library.lib : osal_cbtimer.obj (.text:cbTimerSetup$35)
                  0000e71c    0000009c     rtsv7M3_T_le_eabi.lib : memcpy_t2.obj (.text)
                  0000e7b8    00000098     ble5_simple_peripheral_cc2640r2lp_stack_library.lib : gapbondmgr.obj (.text:GAPBondMgr_syncResolvingList)
                  0000e850    00000098     drivers_cc26x0r2.aem3 : PINCC26XX.oem3 (.text:PIN_open)
                  0000e8e8    00000098                           : UARTCC26XX.oem3 (.text:UARTCC26XX_initIO)
                  0000e980    00000098     cc2640_ll_pxxx.a : ll.o (.text)
                  0000ea18    00000098                      : ll.o (.text)
                  0000eab0    00000098     rom_sysbios.aem3 : rom_sysbios.obj (.text:ti_sysbios_knl_Clock_workFuncDynamic__E)
                  0000eb48    00000098                      : rom_sysbios.obj (.text:xdc_runtime_Text_putMod__E)
                  0000ebe0    00000094     icall.obj (.text:ICall_setTimer)
                  0000ec74    00000094     cc2640_ll_pxxx.a : ll_enc.o (.text)
                  0000ed08    00000094     ble5_simple_peripheral_cc2640r2lp_stack_library.lib : osal.obj (.text:osal_msg_receive)
                  0000ed9c    00000094                                                         : osal_timers.obj (.text:osal_timer_refTimeUpdate)
                  0000ee30    00000094     drivers_cc26x0r2.aem3 : UARTCC26XX.oem3 (.text:writeFinishedDoCallback)
                  0000eec4    00000092     cc2640_ll_pxxx.a : ll_common.o (.text)
                  0000ef56    00000002     icall_api_lite.obj (.text:rfErrCb)
                  0000ef58    00000090     driverlib.lib : crypto.obj (.text:NOROM_CRYPTOAesLoadKey)
                  0000efe8    00000090     npi_tl.obj (.text:NPITL_writeTL)
                  0000f078    00000090     drivers_cc26x0r2.aem3 : SPICC26XXDMA.oem3 (.text:SPICC26XXDMA_control)
                  0000f108    00000090     driverlib.lib : setup.obj (.text:TrimAfterColdResetWakeupFromShutDown$28)
                  0000f198    00000090     cc26xx_gatt_pxxx.a : gatt_client.o (.text)
                  0000f228    00000090     cc26xx_hci_tl_none.a : hci_tl.o (.text)
                  0000f2b8    00000090     ble5_simple_peripheral_cc2640r2lp_stack_library.lib : osal_cbtimer.obj (.text:osal_CbTimerProcessEvent)
                  0000f348    0000008c     icall.obj (.text:ICall_heapMalloc)
                  0000f3d4    0000008c     drivers_cc26x0r2.aem3 : UARTCC26XX.oem3 (.text:UARTCC26XX_close)
                  0000f460    0000008c                           : UARTCC26XX.oem3 (.text:UARTCC26XX_writeCancel)
                  0000f4ec    0000008c     cc2640_ll_pxxx.a : ll_enc.o (.text)
                  0000f578    0000008c                      : ll_isr.o (.text)
                  0000f604    0000008c     cc26xx_gatt_pxxx.a : gatt_client.o (.text)
                  0000f690    0000008c     drivers_cc26x0r2.aem3 : PowerCC26XX.oem3 (.text:disableLFClockQualifiers)
                  0000f71c    0000008a     simple_gatt_profile.obj (.text:movedetector_ReadAttrCB$24)
                  0000f7a6    00000002     rtsv7M3_T_le_eabi.lib : i_div0.obj (.text)
                  0000f7a8    00000088     cc2640_hci_pxxx.a : hci_event.o (.text)
                  0000f830    00000088     cc2640_ll_pxxx.a : ll.o (.text)
                  0000f8b8    00000088                      : ll_common.o (.text)
                  0000f940    00000088     cc26xx_profiles_pxxx.a : gapgattserver.o (.text)
                  0000f9c8    00000088     peripheral.obj (.text:gapRole_startConnUpdate$23)
                  0000fa50    00000088     ble5_simple_peripheral_cc2640r2lp_stack_library.lib : osal_snv_wrapper.obj (.text:writeWord$38)
                  0000fad8    00000086     rtsv7M3_T_le_eabi.lib : fd_cmp_t2.obj (.text:__aeabi_cdcmple)
                  0000fb5e    00000086                           : fd_cmp_t2.obj (.text:__aeabi_cdrcmple)
                  0000fbe4    00000086     cc2640_ll_pxxx.a : ll_common.o (.text)
                  0000fc6a    00000086     cc26xx_gatt_pxxx.a : gatt_client.o (.text)
                  0000fcf0    00000084     drivers_cc26x0r2.aem3 : PowerCC26XX.oem3 (.text:switchXOSCHFclockFunc)
                  0000fd74    00000080     rf_singleMode_cc26x0r2.aem3 : RFCC26XX_singleMode.oem3 (.text:RF_pendCmd)
                  0000fdf4    00000080     cc2640_ll_pxxx.a : ll.o (.text)
                  0000fe74    00000080     cc26xx_gatt_pxxx.a : gatt_client.o (.text)
                  0000fef4    0000007e     cc2640_ll_pxxx.a : ll.o (.text)
                  0000ff72    0000007e     cc26xx_profiles_pxxx.a : gattservapp.o (.text)
                  0000fff0    0000007c     cc2640_ll_pxxx.a : ll_scheduler.o (.text)
                  0001006c    0000007c     cc26xx_gap_pxxx.a : gap_linkmgr.o (.text)
                  000100e8    0000007c     cc26xx_gatt_pxxx.a : gatt_client.o (.text)
                  00010164    0000007c     ble5_simple_peripheral_cc2640r2lp_stack_library.lib : osal.obj (.text:osal_event_send$33)
                  000101e0    0000007c     rf_singleMode_cc26x0r2.aem3 : RFCC26XX_singleMode.oem3 (.text:swiFxnHw)
                  0001025c    0000007a     drivers_cc26x0r2.aem3 : CryptoCC26XX.oem3 (.text:CryptoCC26XX_allocateKey)
                  000102d6    0000007a     rtsv7M3_T_le_eabi.lib : memset_t2.obj (.text)
                  00010350    00000078     cc2640_ll_pxxx.a : ll_common.o (.text)
                  000103c8    00000078                      : ll_enc.o (.text)
                  00010440    00000078     drivers_cc26x0r2.aem3 : UARTCC26XX.oem3 (.text:writeTxFifoFlush)
                  000104b8    00000076     cc2640_ll_pxxx.a : ll_common.o (.text)
                  0001052e    00000002     app_ble_pem3.oem3 (.text:ti_sysbios_BIOS_nullFunc__I)
                  00010530    00000074     driverlib.lib : rfc.obj (.text:NOROM_RFCOverrideUpdate)
                  000105a4    00000074     cc2640_ll_pxxx.a : ll_common.o (.text)
                  00010618    00000074                      : ll_common.o (.text)
                  0001068c    00000074                      : ll_common.o (.text)
                  00010700    00000074     cc26xx_gatt_pxxx.a : gatt_client.o (.text)
                  00010774    00000074     ble5_simple_peripheral_cc2640r2lp_stack_library.lib : gapbondmgr.obj (.text:gapBondMgrBondReq$41)
                  000107e8    00000074     rom_sysbios.aem3 : rom_sysbios.obj (.text:ti_sysbios_family_arm_cc26xx_Timer_start__E)
                  0001085c    00000070     icall.obj (.text:ICall_heapGetStats)
                  000108cc    00000070     icall.obj (.text:ICall_heapInit)
                  0001093c    00000070     npi_tl_uart.obj (.text:NPITLUART_initializeTransport)
                  000109ac    00000070     ble5_simple_peripheral_cc2640r2lp_stack_library.lib : ble_dispatch_lite.obj (.text:ble_dispatch_liteProcess)
                  00010a1c    00000070     cc2640_ll_pxxx.a : ll_common.o (.text)
                  00010a8c    0000006d     rom_sysbios.aem3 : rom_sysbios.obj (.text:xdc_runtime_System_formatNum__I)
                  00010af9    00000001     --HOLE-- [fill = 0]
                  00010afa    00000002     app_ble_pem3.oem3 (.text:ti_sysbios_rom_cortexm_cc26xx_r2_CC26xx_badRomRevision__E)
                  00010afc    0000006c     icall.obj (.text:ICall_createRemoteTasks)
                  00010b68    0000006c     icall.obj (.text:ICall_sendServiceComplete)
                  00010bd4    0000006c     driverlib.lib : osc.obj (.text:NOROM_OSCHF_AttemptToSwitchToXosc)
                  00010c40    0000006c     drivers_cc26x0r2.aem3 : PowerCC26XX_calibrateRCOSC.oem3 (.text:PowerCC26XX_initiateCalibration)
                  00010cac    0000006c     cc2640_ll_pxxx.a : ble.o (.text)
                  00010d18    0000006c                      : ll.o (.text)
                  00010d84    0000006c                      : ll_common.o (.text)
                  00010df0    0000006c                      : ll_scheduler.o (.text)
                  00010e5c    0000006c     cc26xx_gatt_pxxx.a : gatt_client.o (.text)
                  00010ec8    0000006c     drivers_cc26x0r2.aem3 : PowerCC26XX.oem3 (.text:configureXOSCHF)
                  00010f34    00000068     driverlib.lib : sys_ctrl.obj (.text:NOROM_SysCtrl_DCDC_VoltageConditionalControl)
                  00010f9c    00000068     drivers_cc26x0r2.aem3 : UARTCC26XX.oem3 (.text:UARTCC26XX_readCancel)
                  00011004    00000068     cc2640_ll_pxxx.a : ll.o (.text)
                  0001106c    00000068                      : ll.o (.text)
                  000110d4    00000068                      : ll.o (.text)
                  0001113c    00000068                      : ll.o (.text)
                  000111a4    00000068                      : ll_common.o (.text)
                  0001120c    00000068                      : ll_common.o (.text)
                  00011274    00000068                      : ll_privacy.o (.text)
                  000112dc    00000068     rf_singleMode_cc26x0r2.aem3 : RFCC26XX_singleMode.oem3 (.text:decActiveClientCnt)
                  00011344    00000068     rtsv7M3_T_le_eabi.lib : copy_decompress_lzss.obj (.text:decompress:lzss)
                  000113ac    00000068     ble5_simple_peripheral_cc2640r2lp_stack_library.lib : osal_cbtimer.obj (.text:osal_CbTimerUpdate)
                  00011414    00000066     cc2640_ll_pxxx.a : ll_common.o (.text)
                  0001147a    00000066                      : ll_common.o (.text)
                  000114e0    00000066                      : ll_privacy.o (.text)
                  00011546    00000066                      : ll_privacy.o (.text)
                  000115ac    00000064     icall.obj (.text:ICall_send)
                  00011610    00000064     drivers_cc26x0r2.aem3 : PINCC26XX.oem3 (.text:PIN_add)
                  00011674    00000064     cc26xx_profiles_pxxx.a : gattservapp.o (.text)
                  000116d8    00000064     rf_singleMode_cc26x0r2.aem3 : RFCC26XX_singleMode.oem3 (.text:fsmXOSCState)
                  0001173c    00000064     tl.obj (.text:transportRXCallBack$10)
                  000117a0    00000062     cc2640_ll_pxxx.a : ll_common.o (.text)
                  00011802    00000062                      : ll_privacy.o (.text)
                  00011864    00000060     icall.obj (.text:ICall_enrollService)
                  000118c4    00000060     rf_singleMode_cc26x0r2.aem3 : RFCC26XX_singleMode.oem3 (.text:RF_getCurrentTime)
                  00011924    00000060     cc2640_ll_pxxx.a : ll_common.o (.text)
                  00011984    00000060                      : ll_common.o (.text)
                  000119e4    0000005e     icall.obj (.text:ICall_fetchMsg)
                  00011a42    0000005e     cc2640_ll_pxxx.a : ll_common.o (.text)
                  00011aa0    0000005e     cc26xx_gatt_pxxx.a : gatt_client.o (.text)
                  00011afe    00000002     rom_sysbios.aem3 : rom_sysbios.obj (.text:xdc_runtime_SysCallback_defaultAbort)
                  00011b00    0000005c     display.aem3 : Display.oem3 (.text:Display_doOpen)
                  00011b5c    0000005c     icall.obj (.text:ICall_pwrUpdActivityCounter)
                  00011bb8    0000005c     drivers_cc26x0r2.aem3 : PowerCC26XX_calibrateRCOSC.oem3 (.text:PowerCC26XX_RCOSC_clockFunc)
                  00011c14    0000005c                           : PowerCC26XX.oem3 (.text:PowerCC26XX_calibrate)
                  00011c70    0000005c                           : UDMACC26XX.oem3 (.text:UDMACC26XX_open)
                  00011ccc    0000005c     cc26xx_gatt_pxxx.a : gatt_client.o (.text)
                  00011d28    0000005c     cc26xx_profiles_pxxx.a : gattservapp.o (.text)
                  00011d84    0000005c     rtsv7M3_T_le_eabi.lib : s_frexp.obj (.text)
                  00011de0    0000005c     app_ble_pem3.oem3 (.text:xdc_runtime_Startup_getState__I)
                  00011e3c    0000005b     rom_sysbios.aem3 : rom_sysbios.obj (.text:xdc_runtime_Text_putLab__E)
                  00011e97    00000001     --HOLE-- [fill = 0]
                  00011e98    0000005a     drivers_cc26x0r2.aem3 : SPICC26XXDMA.oem3 (.text:SPICC26XXDMA_close)
                  00011ef2    0000005a     cc2640_ll_pxxx.a : ll_common.o (.text)
                  00011f4c    00000058     icall.obj (.text:ICall_wait)
                  00011fa4    00000058     drivers_cc26x0r2.aem3 : PINCC26XX.oem3 (.text:PIN_remove)
                  00011ffc    00000058                           : UARTCC26XX.oem3 (.text:UARTCC26XX_control)
                  00012054    00000058     cc2640_ll_pxxx.a : ll.o (.text)
                  000120ac    00000058                      : ll.o (.text)
                  00012104    00000058                      : ll_common.o (.text)
                  0001215c    00000058                      : ll_common.o (.text)
                  000121b4    00000058                      : ll_enc.o (.text)
                  0001220c    00000058     ble5_simple_peripheral_cc2640r2lp_stack_library.lib : osal_snv_wrapper.obj (.text:findItem$38)
                  00012264    00000058                                                         : gapbondmgr.obj (.text:gapBondMgrChangeState$41)
                  000122bc    00000058                                                         : gapbondmgr.obj (.text:gapBondMgrReadBonds$41)
                  00012314    00000058                                                         : osal_cbtimer.obj (.text:osal_CbTimerStop)
                  0001236c    00000056     cc2640_ll_pxxx.a : ll_common.o (.text)
                  000123c2    00000002     rom_sysbios.aem3 : rom_sysbios.obj (.text:xdc_runtime_SysCallback_defaultExit)
                  000123c4    00000054     ble5_simple_peripheral_cc2640r2lp_stack_library.lib : gapbondmgr.obj (.text:GAPBondMgr_LinkTerm)
                  00012418    00000054     drivers_cc26x0r2.aem3 : SPICC26XXDMA.oem3 (.text:SPICC26XXDMA_initHw)
                  0001246c    00000054     cc2640_hci_pxxx.a : hci_event.o (.text)
                  000124c0    00000054     cc2640_ll_pxxx.a : ll.o (.text)
                  00012514    00000054                      : ll_common.o (.text)
                  00012568    00000054     cc26xx_gap_pxxx.a : linkdb.o (.text)
                  000125bc    00000054     cc26xx_gatt_pxxx.a : gatt_client.o (.text)
                  00012610    00000054     cc26xx_profiles_pxxx.a : gattservapp.o (.text)
                  00012664    00000054     rf_singleMode_cc26x0r2.aem3 : RFCC26XX_singleMode.oem3 (.text:hwiFxnHw)
                  000126b8    00000054                                 : RFCC26XX_singleMode.oem3 (.text:ratChanFree)
                  0001270c    00000054     rtsv7M3_T_le_eabi.lib : exit.obj (.text)
                  00012760    00000054                           : ltoa.obj (.text)
                  000127b4    00000052     cc2640_ll_pxxx.a : ll_common.o (.text)
                  00012806    00000002     rom_sysbios.aem3 : rom_sysbios.obj (.text:xdc_runtime_SysCallback_defaultPutch)
                  00012808    00000050     ECCROMCC26XX.obj (.text:ECCROMCC26XX_Params_init)
                  00012858    00000050     icall.obj (.text:ICall_registerApp)
                  000128a8    00000050     ble5_simple_peripheral_cc2640r2lp_stack_library.lib : npi.obj (.text:NPI_WriteTransport)
                  000128f8    00000050     rf_singleMode_cc26x0r2.aem3 : RFCC26XX_singleMode.oem3 (.text:RF_getInfo)
                  00012948    00000050     drivers_cc26x0r2.aem3 : SPICC26XXDMA.oem3 (.text:SPICC26XXDMA_swiFxn)
                  00012998    00000050     cc2640_ll_pxxx.a : ll.o (.text)
                  000129e8    00000050                      : ll.o (.text)
                  00012a38    00000050                      : ll.o (.text)
                  00012a88    00000050                      : ll_common.o (.text)
                  00012ad8    00000050                      : ll_common.o (.text)
                  00012b28    00000050     ble5_simple_peripheral_cc2640r2lp_stack_library.lib : gapbondmgr.obj (.text:gapBondMgrSetStateFlagFromConnhandle$41)
                  00012b78    00000050     drivers_cc26x0r2.aem3 : UARTCC26XX.oem3 (.text:startTxFifoEmptyClk)
                  00012bc8    0000004e     cc2640_ll_pxxx.a : ll.o (.text)
                  00012c16    0000004e                      : ll_common.o (.text)
                  00012c64    0000004e                      : ll_privacy.o (.text)
                  00012cb2    00000002     --HOLE-- [fill = 0]
                  00012cb4    0000004c     icall.obj (.text:ICall_newTask$15)
                  00012d00    0000004c     rf_singleMode_cc26x0r2.aem3 : RFCC26XX_singleMode.oem3 (.text:RF_wakeupNotifyFxn)
                  00012d4c    0000004c     cc26xx_gap_pxxx.a : gap_perilinkmgr.o (.text)
                  00012d98    0000004c     ble5_simple_peripheral_cc2640r2lp_stack_library.lib : gapbondmgr.obj (.text:gapBondMgrUpdateLruBondList$41)
                  00012de4    0000004c                                                         : gapbondmgr.obj (.text:gapBondStateDoGATTDisc$41)
                  00012e30    0000004c                                                         : osal_bufmgr.obj (.text:osal_bm_free)
                  00012e7c    0000004c     rtsv7M3_T_le_eabi.lib : atoi.obj (.text)
                  00012ec8    0000004c                           : cpy_tbl.obj (.text)
                  00012f14    0000004c     rf_singleMode_cc26x0r2.aem3 : RFCC26XX_singleMode.oem3 (.text:syncCb)
                  00012f60    0000004a     cc26xx_sm_pxxx.a : sm_mgr.o (.text)
                  00012faa    00000002     --HOLE-- [fill = 0]
                  00012fac    00000048     dpl_cc26x0r2.aem3 : ClockP_tirtos.oem3 (.text:ClockP_construct)
                  00012ff4    00000048     ECCROMCC26XX.obj (.text:ECC_initGlobals$13)
                  0001303c    00000048     ble5_simple_peripheral_cc2640r2lp_stack_library.lib : gapbondmgr.obj (.text:GAPBondMgr_ReadGattChar)
                  00013084    00000048     simple_peripheral.obj (.text:Movedetector_enqueueMsg$8)
                  000130cc    00000048     drivers_cc26x0r2.aem3 : PINCC26XX.oem3 (.text:PIN_setOutputEnable)
                  00013114    00000048     console.obj (.text:RPrintf)
                  0001315c    00000048     util.obj (.text:Util_constructClock)
                  000131a4    00000048     cc2640_ll_pxxx.a : ll.o (.text)
                  000131ec    00000048                      : ll.o (.text)
                  00013234    00000048     ble5_simple_peripheral_cc2640r2lp_stack_library.lib : osal_timers.obj (.text:osalAddTimer)
                  0001327c    00000048     rtsv7M3_T_le_eabi.lib : fd_toi_t2.obj (.text)
                  000132c4    00000048     rom_sysbios.aem3 : rom_sysbios.obj (.text:ti_sysbios_family_arm_cc26xx_Timer_setThreshold__I)
                  0001330c    00000046     cc26xx_gatt_pxxx.a : gatt_client.o (.text)
                  00013352    00000002     --HOLE-- [fill = 0]
                  00013354    00000044     driverlib.lib : osc.obj (.text:NOROM_OSCHF_SwitchToRcOscTurnOffXosc)
                  00013398    00000044     drivers_cc26x0r2.aem3 : PINCC26XX.oem3 (.text:PIN_swi)
                  000133dc    00000044                           : RingBuf.oem3 (.text:RingBuf_put)
                  00013420    00000044                           : SPICC26XXDMA.oem3 (.text:SPICC26XXDMA_csnCallback)
                  00013464    00000044     simple_peripheral.obj (.text:SimpleBLEPeripheral_TLpacketParser$8)
                  000134a8    00000044     boot.aem3 : boot.oem3 (.text)
                  000134ec    00000044     cc2640_ll_pxxx.a : ll.o (.text)
                  00013530    00000044                      : ll_common.o (.text)
                  00013574    00000044                      : ll_scheduler.o (.text)
                  000135b8    00000044     cc26xx_profiles_pxxx.a : gattservapp.o (.text)
                  000135fc    00000044     drivers_cc26x0r2.aem3 : PowerCC26XX.oem3 (.text:notify)
                  00013640    00000044     ble5_simple_peripheral_cc2640r2lp_stack_library.lib : osal_timers.obj (.text:osal_start_timerEx)
                  00013684    00000044     rom_sysbios.aem3 : rom_sysbios.obj (.text:xdc_runtime_Text_xprintf__I)
                  000136c8    00000042     ble5_simple_peripheral_cc2640r2lp_stack_library.lib : gapbondmgr.obj (.text:GAPBondMgr_UpdateCharCfg)
                  0001370a    00000042                                                         : gap.obj (.text:GAP_DeviceInit)
                  0001374c    00000042     driverlib.lib : ssi.obj (.text:NOROM_SSIConfigSetExpClk)
                  0001378e    00000042     cc2640_ll_pxxx.a : ble.o (.text)
                  000137d0    00000042                      : ll.o (.text)
                  00013812    00000042                      : ll_common.o (.text)
                  00013854    00000040     ECCROMCC26XX.obj (.text:ECCROMCC26XX_init)
                  00013894    00000040     peripheral.obj (.text:GAPRole_createTask)
                  000138d4    00000040     dpl_cc26x0r2.aem3 : HwiP_tirtos.oem3 (.text:HwiP_construct)
                  00013914    00000040     simple_peripheral.obj (.text:Movedetector_createTask)
                  00013954    00000040     drivers_cc26x0r2.aem3 : PINCC26XX.oem3 (.text:PINCC26XX_getConfig)
                  00013994    00000040     rf_singleMode_cc26x0r2.aem3 : RFCC26XX_singleMode.oem3 (.text:RF_getRssi)
                  000139d4    00000040     drivers_cc26x0r2.aem3 : SPI.oem3 (.text:SPI_init)
                  00013a14    00000040                           : SPI.oem3 (.text:SPI_open)
                  00013a54    00000040                           : UART.oem3 (.text:UART_init)
                  00013a94    00000040                           : UART.oem3 (.text:UART_open)
                  00013ad4    00000040     cc2640_ll_pxxx.a : ll.o (.text)
                  00013b14    00000040                      : ll.o (.text)
                  00013b54    00000040                      : ll.o (.text)
                  00013b94    00000040                      : ll_common.o (.text)
                  00013bd4    00000040                      : ll_isr.o (.text)
                  00013c14    00000040     cc26xx_profiles_pxxx.a : gattservapp.o (.text)
                  00013c54    00000040     ble5_simple_peripheral_cc2640r2lp_stack_library.lib : osal_snv_wrapper.obj (.text:erasePage$38)
                  00013c94    00000040     rtsv7M3_T_le_eabi.lib : u_divt2.obj (.text)
                  00013cd4    00000040     rom_sysbios.aem3 : rom_sysbios.obj (.text:ti_sysbios_heaps_HeapCallback_Module_startup__E)
                  00013d14    0000003e     drivers_cc26x0r2.aem3 : RingBuf.oem3 (.text:RingBuf_get)
                  00013d52    0000003e     cc2640_ll_pxxx.a : ll_common.o (.text)
                  00013d90    0000003e     cc26xx_gatt_pxxx.a : gatt_client.o (.text)
                  00013dce    00000002     --HOLE-- [fill = 0]
                  00013dd0    0000003c     simple_gatt_profile.obj (.text:Movedetector_SetParameter)
                  00013e0c    0000003c     driverlib.lib : osc.obj (.text:NOROM_OSC_HPOSCRelativeFrequencyOffsetGet)
                  00013e48    0000003c                   : rfc.obj (.text:NOROM_RFCSynthPowerDown)
                  00013e84    0000003c     npi_tl.obj (.text:NPITL_transmissionCallBack$6)
                  00013ec0    0000003c     drivers_cc26x0r2.aem3 : PowerCC26XX.oem3 (.text:PowerCC26XX_isStableXOSC_HF)
                  00013efc    0000003c                           : PowerCC26XX.oem3 (.text:PowerCC26XX_switchXOSC_HF)
                  00013f38    0000003c     rf_singleMode_cc26x0r2.aem3 : RFCC26XX_singleMode.oem3 (.text:RF_runCmd)
                  00013f74    0000003c     dpl_cc26x0r2.aem3 : SwiP_tirtos.oem3 (.text:SwiP_construct)
                  00013fb0    0000003c     cc2640_ll_pxxx.a : ll_common.o (.text)
                  00013fec    0000003c                      : ll_scheduler.o (.text)
                  00014028    0000003c     cc26xx_profiles_pxxx.a : gattservapp.o (.text)
                  00014064    0000003c                            : gattservapp.o (.text)
                  000140a0    0000003c                            : gattservapp.o (.text)
                  000140dc    0000003c     ble5_simple_peripheral_cc2640r2lp_stack_library.lib : osal_bufmgr.obj (.text:osal_bm_alloc)
                  00014118    0000003c                                                         : osal_timers.obj (.text:osal_start_reload_timer)
                  00014154    0000003c     rf_singleMode_cc26x0r2.aem3 : RFCC26XX_singleMode.oem3 (.text:postDirImmCmd)
                  00014190    0000003c     rom_sysbios.aem3 : rom_sysbios.obj (.text:ti_sysbios_family_arm_m3_Hwi_construct2__E)
                  000141cc    0000003a     cc2640_ll_pxxx.a : ll_common.o (.text)
                  00014206    0000003a     cc26xx_gatt_pxxx.a : gatt_client.o (.text)
                  00014240    0000003a     cc26xx_sm_pxxx.a : sm_mgr.o (.text)
                  0001427a    00000002     --HOLE-- [fill = 0]
                  0001427c    00000038     board_key.obj (.text:Board_keyCallback$2)
                  000142b4    00000038     LIS3DH_Driver.obj (.text:LIS3DH_StartTransfer)
                  000142ec    00000038     drivers_cc26x0r2.aem3 : PINCC26XX.oem3 (.text:PIN_setOutputValue)
                  00014324    00000038                           : UARTCC26XX.oem3 (.text:UARTCC26XX_swiIntFxn)
                  0001435c    00000038     util.obj (.text:Util_restartClock)
                  00014394    00000038     cc2640_ll_pxxx.a : ble.o (.text)
                  000143cc    00000038                      : ll.o (.text)
                  00014404    00000038                      : ll_common.o (.text)
                  0001443c    00000038                      : ll_common.o (.text)
                  00014474    00000038                      : ll_common.o (.text)
                  000144ac    00000038                      : ll_common.o (.text)
                  000144e4    00000038                      : ll_common.o (.text)
                  0001451c    00000038                      : ll_privacy.o (.text)
                  00014554    00000038                      : ll_scheduler.o (.text)
                  0001458c    00000038                      : ll_scheduler.o (.text)
                  000145c4    00000038     cc26xx_l2cap_pxxx.a : l2cap_util.o (.text)
                  000145fc    00000038     ble5_simple_peripheral_cc2640r2lp_stack_library.lib : osal_snv_wrapper.obj (.text:disableCache$38)
                  00014634    00000038     rf_singleMode_cc26x0r2.aem3 : RFCC26XX_singleMode.oem3 (.text:dispatchOpWhen)
                  0001466c    00000038     ble5_simple_peripheral_cc2640r2lp_stack_library.lib : osal.obj (.text:osal_alien2proxy)
                  000146a4    00000038     rom_sysbios.aem3 : rom_sysbios.obj (.text:ti_sysbios_family_arm_cc26xx_Timer_getCurrentTick__E)
                  000146dc    00000036     drivers_cc26x0r2.aem3 : CryptoCC26XX.oem3 (.text:CryptoCC26XX_loadKey)
                  00014712    00000036     LIS3DH_Driver.obj (.text:LIS3DH_InterruptCtrl)
                  00014748    00000036     LIS3DH_Driver.obj (.text:LIS3DH_SetFilter)
                  0001477e    00000036     drivers_cc26x0r2.aem3 : UDMACC26XX.oem3 (.text:UDMACC26XX_close)
                  000147b4    00000034     gattservapp_util.obj (.text:GATTServApp_InitCharCfg)
                  000147e8    00000034     icall.obj (.text:ICall_heapFree)
                  0001481c    00000034     icall.obj (.text:ICall_searchServiceEntity)
                  00014850    00000034     npi_tl.obj (.text:NPITL_readTL)
                  00014884    00000034     drivers_cc26x0r2.aem3 : PINCC26XX.oem3 (.text:PIN_setConfig)
                  000148b8    00000034                           : PINCC26XX.oem3 (.text:PIN_setInterrupt)
                  000148ec    00000034                           : PowerCC26XX.oem3 (.text:Power_releaseConstraint)
                  00014920    00000034     rf_singleMode_cc26x0r2.aem3 : RFCC26XX_singleMode.oem3 (.text:Q_push)
                  00014954    00000034     cc2640_ll_pxxx.a : ble.o (.text)
                  00014988    00000034                      : ll.o (.text)
                  000149bc    00000034                      : ll_common.o (.text)
                  000149f0    00000034                      : ll_scheduler.o (.text)
                  00014a24    00000034     cc26xx_gatt_pxxx.a : gatt_client.o (.text)
                  00014a58    00000034     cc26xx_hci_tl_none.a : hci_tl.o (.text)
                  00014a8c    00000034     ble5_simple_peripheral_cc2640r2lp_stack_library.lib : osal.obj (.text:osal_clear_event)
                  00014ac0    00000034                                                         : osal.obj (.text:osal_msec_timer_cback$33)
                  00014af4    00000034                                                         : osal_timers.obj (.text:osal_stop_timerEx)
                  00014b28    00000034     rom_sysbios.aem3 : rom_sysbios.obj (.text:ti_sysbios_family_arm_cc26xx_Timer_initDevice__I)
                  00014b5c    00000032     icall.obj (.text:ICall_fetchServiceMsg)
                  00014b8e    00000032     rom_sysbios.aem3 : rom_sysbios.obj (.text:ti_sysbios_family_arm_cc26xx_Timer_setNextTick__E)
                  00014bc0    00000030     peripheral.obj (.text:GAPRole_TerminateConnection)
                  00014bf0    00000030     ble5_simple_peripheral_cc2640r2lp_stack_library.lib : hal_flash_wrapper.obj (.text:HalFlashRead)
                  00014c20    00000030     icall.obj (.text:ICall_dispatch$15)
                  00014c50    00000030     icall.obj (.text:ICall_msecs2Ticks$15)
                  00014c80    00000030     icall.obj (.text:ICall_primEntityId2ServiceId$15)
                  00014cb0    00000030     icall.obj (.text:ICall_searchTask$15)
                  00014ce0    00000030     drivers_cc26x0r2.aem3 : PowerCC26XX.oem3 (.text:Power_setConstraint)
                  00014d10    00000030     cc2640_ll_pxxx.a : ll.o (.text)
                  00014d40    00000030                      : ll.o (.text)
                  00014d70    00000030     cc26xx_att_pxxx.a : att_client.o (.text)
                  00014da0    00000030     cc26xx_gap_pxxx.a : gap_configmgr.o (.text)
                  00014dd0    00000030     cc26xx_profiles_pxxx.a : gattservapp.o (.text)
                  00014e00    00000030     ble5_simple_peripheral_cc2640r2lp_stack_library.lib : gapbondmgr.obj (.text:gapBondMgr_SyncWhiteList$41)
                  00014e30    00000030                                                         : osal_timers.obj (.text:osal_get_timeoutEx)
                  00014e60    00000030     app_ble_pem3.oem3 (.text:ti_sysbios_BIOS_atExitFunc__I)
                  00014e90    00000030     app_ble_pem3.oem3 (.text:ti_sysbios_BIOS_startFunc__I)
                  00014ec0    00000030     app_ble_pem3.oem3 (.text:ti_sysbios_heaps_HeapCallback_Object__create__S)
                  00014ef0    0000002f     rom_sysbios.aem3 : rom_sysbios.obj (.text:xdc_runtime_Text_printVisFxn__I)
                  00014f1f    00000001     --HOLE-- [fill = 0]
                  00014f20    0000002e     icall_cc2650.obj (.text:ICallPlatform_pwrDispenseImpl$16)
[...]
200045a0  l2capMtuSize                                                              
200045a2  gapAppTaskID                                                              
200045a3  gapAdvAppTaskID                                                           
200045a4  gapUnwantedTaskID                                                         
200045a5  reqTaskId                                                                 
200045a6  gattAppTaskID                                                             
200045a7  appTaskID                                                                 
200045a8  flowCtrlTaskId                                                            
200045a9  SM_appTaskID                                                              
200046ec  scanDataEntry                                                             
200047cc  wlTable                                                                   
200048a8  wlTableScan                                                               
20004988  rfObject                                                                  
20004a20  advCmd                                                                    
20004a68  localEccKeys                                                              
20004aac  initDataEntry                                                             
20004b1c  l2capFixedChannels                                                        
20004b4c  linkCBs                                                                   
20004b7c  eccParams                                                                 
20004bac  initParam                                                                 
20004bd0  scanParam                                                                 
20004bf4  advParam                                                                  
20004c14  cryptoPRAND                                                               
20004c34  txModemTestCmd                                                            
20004c50  gapParams                                                                 
20004c6c  initCmd                                                                   
20004c84  connReqData                                                               
20004c9c  scanCmd                                                                   
20004cb4  scanOutput                                                                
20004ce4  rxModemTestCmd                                                            
20004cfc  rsp                                                                       
20004d14  fwParDtmCmd                                                               
20004d44  fwParRfCmd                                                                
20004d5c  connOutput                                                                
20004d70  rxTestParam                                                               
20004d84  initDataQueue                                                             
20004d94  scanDataQueue                                                             
20004da4  advDataQueue                                                              
20004db4  advOutput                                                                 
20004dc4  txTestParam                                                               
20004dd4  initOutput                                                                
20004de0  rxTestOut                                                                 
20004df8  cachedTRNGdata                                                            
20004e04  gapCurrentRandomAddr                                                      
20004e0c  slaveUpdateReq                                                            
20004e14  pBleEvtMask                                                               
20004e1c  pHciEvtMask                                                               
20004e24  pHciEvtMask2                                                              
20004e2c  ownPublicAddr                                                             
20004e34  ownRandomAddr                                                             
20004e3c  ownSavedPublicAddr                                                        
20004e44  fwImmedCmd                                                                
20004e4c  attServerNotifyTxCB                                                       
20004e50  rfEvent                                                                   
20004e58  fwParCmd                                                                  
20004e60  verInfo                                                                   
20004e68  llConns                                                                   
20004e70  fwParamImmedCmd                                                           
20004e78  privInfo                                                                  
20004e88  rxDataQ                                                                   
20004e8c  txDataQ                                                                   
20004e90  rxRingBuf                                                                 
20004e94  txTestOut                                                                 
20004e98  pGapDiscReq                                                               
20004e9c  pGapAdvertState                                                           
20004ea0  pEstLink                                                                  
20004ea4  pAuthLink                                                                 
20004ea8  pfnCentralConnCBs                                                         
20004eac  pfnPeripheralConnCBs                                                      
20004eb0  pGapAdvTokens                                                             
20004eb4  pGapAdData                                                                
20004eb8  pGapScanRspData                                                           
20004ebc  pfnPeripheralCBs                                                          
20004ec0  pfnCentralCBs                                                             
20004ec4  pfnBondMgrCBs                                                             
20004ec8  serverInfoTbl                                                             
20004ecc  pServiceList                                                              
20004ed0  pfnServerProcessMsgCB                                                     
20004ed4  pfnClientProcessMsgCB                                                     
20004ed8  prepareWritesTbl                                                          
20004edc  serviceCBsList                                                            
20004ee0  pAttrValue                                                                
20004ee4  l2capChannels                                                             
20004ee8  linkDB                                                                    
20004eec  rfHandle                                                                  
20004ef0  rfDrvTblPtr                                                               
20004ef4  eccDrvTblPtr                                                              
20004ef8  cryptoDrvTblPtr                                                           
20004efc  trngDrvTblPtr                                                             
20004f00  activeConns                                                               
20004f04  SysBootMsg                                                                
20004f08  sclkSrc                                                                   
20004f0c  buildInfo                                                                 
20004f10  advInfo                                                                   
20004f18  initInfo                                                                  
20004f20  taskEndAction                                                             
20004f24  encParams                                                                 
20004f28  encHandle                                                                 
20004f2c  encKey                                                                    
20004f30  pPairingParams                                                            
20004f34  pfnResponderCBs                                                           
20004f38  pfnInitiatorCBs                                                           
20004f3c  gapLimitedAdvertisingTimeout                                              
20004f3e  attrLen                                                                   
20004f40  numHostBufs                                                               
20004f42  rfCmdHandle                                                               
20004f44  connInitialMaxTxOctets                                                    
20004f46  connInitialMaxTxTime                                                      
20004f48  supportedMaxTxOctets                                                      
20004f4a  supportedMaxTxTime                                                        
20004f4c  supportedMaxRxOctets                                                      
20004f4e  supportedMaxRxTime                                                        
20004f50  taskEndStatus                                                             
20004f52  postRfOperations                                                          
20004f54  rfCfgAdiVal                                                               
20004f58  gapProfileRole                                                            
20004f59  gapDeviceAddrMode                                                         
20004f5a  gapState                                                                  
20004f5b  terminateAllTaskID                                                        
20004f5c  terminateReason                                                           
20004f5d  gapTaskID                                                                 
20004f5e  gattNumConns                                                              
20004f5f  gattTaskID                                                                
20004f60  GATTServApp_TaskID                                                        
20004f61  maxNumPrepareWrites                                                       
20004f62  hciPTMenabled                                                             
20004f63  ctrlToHostEnable                                                          
20004f64  l2capFlowCtrlMode                                                         
20004f65  l2capTaskID                                                               
20004f66  l2capNumChannels                                                          
20004f67  l2capNumDataPkts                                                          
20004f68  l2capId                                                                   
20004f69  linkDBNumConns                                                            
20004f6a  linkDB_secureConnectionOnlyMode                                           
20004f6b  maxPduSize                                                                
20004f6c  rfFeModeBias                                                              
20004f6d  maxNumTxDataBufs                                                          
20004f6e  LL_TaskID                                                                 
20004f6f  llState                                                                   
20004f70  rssiCorrection                                                            
20004f71  curTxPowerVal                                                             
20004f72  maxTxPwrForDTM                                                            
20004f73  onePktPerEvt                                                              
20004f74  numComplPkts                                                              
20004f75  numComplPktsLimit                                                         
20004f76  numComplPktsFlush                                                         
20004f77  fastTxRespTime                                                            
20004f78  slOverride                                                                
20004f79  rxFifoFlowCtrl                                                            
20004f7a  numTxDataBufs                                                             
20004f7b  maxNumConns                                                               
20004f7c  smTaskID                                                                  
20004f7d  SM_appExpectingKey                                                        
20004f80  ECC_DATA$$Base                                                            
20004f80  eccRom_param_Gx                                                           
20004f84  eccRom_param_Gy                                                           
20004f88  eccRom_workzone                                                           
20004f8c  eccRom_param_p                                                            
20004f90  eccRom_param_r                                                            
20004f94  eccRom_param_a                                                            
20004f98  eccRom_param_b                                                            
20004f9c  eccRom_windowSize                                                         
20004fa0  aux64                                                                     
20004fa8  MOD                                                                       
20004fac  LEN                                                                       
20004fb0  inScalar                                                                  
20004fb4  inPointX                                                                  
20004fb8  inPointY                                                                  
20004fbc  outPointX                                                                 
20004fc0  outPointY                                                                 
20004fc4  SCAL                                                                      
20004fc8  EXPX                                                                      
20004fcc  EXPY                                                                      
20004fd0  EXPZ                                                                      
20004fd4  EXPW                                                                      
20004fd8  ACCX                                                                      
20004fdc  ACCY                                                                      
20004fe0  ACCZ                                                                      
20004fe4  TMP1                                                                      
20004fe8  TMP2                                                                      
20004fec  TMP3                                                                      
20004ff0  TMP4                                                                      
20004ff4  TMP5                                                                      
20004ff8  TMP6                                                                      
20004ffc  MSBMOD                                                                    
20005000  ECC_DATA$$Limit                                                           
20005000  __UNUSED_SRAM_end__                                                       
e000e000  ti_sysbios_family_arm_m3_Hwi_nvic                                         
ffffffff  __TI_pprof_out_hndl                                                       
ffffffff  __TI_prof_data_size                                                       
ffffffff  __TI_prof_data_start                                                      
ffffffff  __binit__                                                                 
ffffffff  __c_args__                                                                
ffffffff  binit                                                                     
UNDEFED   ClockP_getSystemTicks                                                     
UNDEFED   HwiP_restore                                                              
UNDEFED   SHT$$INIT_ARRAY$$Base                                                     
UNDEFED   SHT$$INIT_ARRAY$$Limit                                                    
UNDEFED   SwiP_restore                                                              
UNDEFED   ti_sysbios_BIOS_RtsGateProxy_Handle__label__S__mangled__                  
UNDEFED   ti_sysbios_BIOS_RtsGateProxy_Params__init__S__mangled__                   
UNDEFED   ti_sysbios_BIOS_RtsGateProxy_query__E__mangled__                          
UNDEFED   ti_sysbios_hal_Hwi_HwiProxy_Module__startupDone__S__mangled__             
UNDEFED   ti_sysbios_hal_Hwi_HwiProxy_Params__init__S__mangled__                    
UNDEFED   ti_sysbios_hal_Hwi_HwiProxy_disableInterrupt__E__mangled__                
UNDEFED   ti_sysbios_hal_Hwi_HwiProxy_enableInterrupt__E__mangled__                 
UNDEFED   ti_sysbios_hal_Hwi_HwiProxy_getStackInfo__E__mangled__                    
UNDEFED   ti_sysbios_hal_Hwi_HwiProxy_startup__E__mangled__                         
UNDEFED   ti_sysbios_hal_Hwi_HwiProxy_switchFromBootStack__E__mangled__             
UNDEFED   ti_sysbios_hal_Hwi_disableInterrupt__E                                    
UNDEFED   ti_sysbios_hal_Hwi_enableInterrupt__E                                     
UNDEFED   ti_sysbios_hal_Hwi_getStackInfo__E                                        
UNDEFED   ti_sysbios_hal_Hwi_startup__E                                             
UNDEFED   ti_sysbios_hal_Hwi_switchFromBootStack__E                                 
UNDEFED   ti_sysbios_heaps_HeapMem_Module_GateProxy_Handle__label__S__mangled__     
UNDEFED   ti_sysbios_heaps_HeapMem_Module_GateProxy_Params__init__S__mangled__      
UNDEFED   ti_sysbios_heaps_HeapMem_Module_GateProxy_query__E__mangled__             
UNDEFED   ti_sysbios_knl_Clock_TimerProxy_Module__startupDone__S__mangled__         
UNDEFED   ti_sysbios_knl_Clock_TimerProxy_startup__E__mangled__                     
UNDEFED   ti_sysbios_knl_Task_SupportProxy_Module__startupDone__S__mangled__        
UNDEFED   ti_sysbios_knl_Task_SupportProxy_getStackAlignment__E__mangled__          
UNDEFED   ti_sysbios_knl_Task_SupportProxy_start__E__mangled__                      
UNDEFED   ti_sysbios_knl_Task_SupportProxy_swap__E__mangled__                       
UNDEFED   xdc_runtime_Main_Module_GateProxy_Handle__label__S                        
UNDEFED   xdc_runtime_Main_Module_GateProxy_query__E                                
UNDEFED   xdc_runtime_Memory_HeapProxy_Handle__label__S__mangled__                  
UNDEFED   xdc_runtime_System_Module_GateProxy_Handle__label__S__mangled__           
UNDEFED   xdc_runtime_System_Module_GateProxy_query__E__mangled__                   
UNDEFED   xdc_runtime_System_SupportProxy_abort__E                                  
UNDEFED   xdc_runtime_System_SupportProxy_exit__E                                   
UNDEFED   xdc_runtime_Timestamp_SupportProxy_get64__E__mangled__                    
UNDEFED   xdc_runtime_Timestamp_SupportProxy_getFreq__E__mangled__                  
UNDEFED   xdc_runtime_Timestamp_get32__E                                            
UNDEFED   xdc_runtime_Timestamp_get64__E                                            
UNDEFED   xdc_runtime_Timestamp_getFreq__E                                          

[2380 symbols]
